// Jest Snapshot v1, https://goo.gl/fbAQLP

exports[`Footer to match snapshot 1`] = `
<div>
  <footer
    class="border-t"
  >
    <div
      class="MuiContainer-root MuiContainer-maxWidthLg css-1oqqzyl-MuiContainer-root"
    >
      <div
        class="py-4"
      >
        <p
          class="text-sm"
        >
          Â© 
          2023
           - 2700 Chess
        </p>
      </div>
    </div>
  </footer>
</div>
`;
